---
source: deputy-library/src/validation.rs
expression: project
---
[package]
name = 'my-cool-condition'
description = 'description'
version = '1.0.0'
license = 'Apache-2.0'
readme = 'readme.md'
assets = [
    [
    'src/configs/my-cool-config1.yml',
    '/var/opt/my-cool-service1',
    '744',
],
    [
    'src/configs/my-cool-config2.yml',
    '/var/opt/my-cool-service2',
    '777',
],
    [
    'src/configs/my-cool-config3.yml',
    '/var/opt/my-cool-service3',
],
]

[content]
type = 'Condition'

[condition]
action = 'executable/path.sh'
interval = 30
